ARM Linker, 4.1 [Build 481] [Evaluation]

==============================================================================

Section Cross References

    board_cstartup_keil.o(.text) refers to board_lowlevel.o(.text) for LowLevelInit
    board_cstartup_keil.o(.text) refers to __main.o(!!!main) for __main
    board_cstartup_keil.o(vectors) refers to board_cstartup_keil.o(.text) for resetHandler
    board_cstartup_keil.o(vectors) refers (Weak) to exceptions.o(.text) for NMI_Handler
    board_cstartup_keil.o(vectors) refers (Weak) to exceptions.o(.text) for HardFault_Handler
    board_cstartup_keil.o(vectors) refers (Weak) to exceptions.o(.text) for MemManage_Handler
    board_cstartup_keil.o(vectors) refers (Weak) to exceptions.o(.text) for BusFault_Handler
    board_cstartup_keil.o(vectors) refers (Weak) to exceptions.o(.text) for UsageFault_Handler
    board_cstartup_keil.o(vectors) refers (Weak) to exceptions.o(.text) for SVC_Handler
    board_cstartup_keil.o(vectors) refers (Weak) to exceptions.o(.text) for DebugMon_Handler
    board_cstartup_keil.o(vectors) refers (Weak) to exceptions.o(.text) for PendSV_Handler
    board_cstartup_keil.o(vectors) refers (Weak) to exceptions.o(.text) for SysTick_Handler
    board_cstartup_keil.o(vectors) refers (Weak) to exceptions.o(.text) for SUPC_IrqHandler
    board_cstartup_keil.o(vectors) refers (Weak) to exceptions.o(.text) for RSTC_IrqHandler
    board_cstartup_keil.o(vectors) refers (Weak) to exceptions.o(.text) for RTC_IrqHandler
    board_cstartup_keil.o(vectors) refers (Weak) to exceptions.o(.text) for RTT_IrqHandler
    board_cstartup_keil.o(vectors) refers (Weak) to exceptions.o(.text) for WDT_IrqHandler
    board_cstartup_keil.o(vectors) refers (Weak) to exceptions.o(.text) for PMC_IrqHandler
    board_cstartup_keil.o(vectors) refers (Weak) to exceptions.o(.text) for EFC0_IrqHandler
    board_cstartup_keil.o(vectors) refers (Weak) to exceptions.o(.text) for EFC1_IrqHandler
    board_cstartup_keil.o(vectors) refers (Weak) to exceptions.o(.text) for DBGU_IrqHandler
    board_cstartup_keil.o(vectors) refers (Weak) to exceptions.o(.text) for HSMC4_IrqHandler
    board_cstartup_keil.o(vectors) refers (Weak) to exceptions.o(.text) for PIOA_IrqHandler
    board_cstartup_keil.o(vectors) refers (Weak) to exceptions.o(.text) for PIOB_IrqHandler
    board_cstartup_keil.o(vectors) refers (Weak) to exceptions.o(.text) for PIOC_IrqHandler
    board_cstartup_keil.o(vectors) refers (Weak) to exceptions.o(.text) for USART0_IrqHandler
    board_cstartup_keil.o(vectors) refers (Weak) to exceptions.o(.text) for USART1_IrqTokenHandler
    board_cstartup_keil.o(vectors) refers (Weak) to exceptions.o(.text) for USART2_IrqHandler
    board_cstartup_keil.o(vectors) refers (Weak) to exceptions.o(.text) for USART3_IrqHandler
    board_cstartup_keil.o(vectors) refers (Weak) to exceptions.o(.text) for MCI0_IrqHandler
    board_cstartup_keil.o(vectors) refers (Weak) to exceptions.o(.text) for TWI0_IrqHandler
    board_cstartup_keil.o(vectors) refers (Weak) to exceptions.o(.text) for TWI1_IrqHandler
    board_cstartup_keil.o(vectors) refers (Weak) to exceptions.o(.text) for SPI0_IrqHandler
    board_cstartup_keil.o(vectors) refers (Weak) to exceptions.o(.text) for SSC0_IrqHandler
    board_cstartup_keil.o(vectors) refers (Weak) to exceptions.o(.text) for TC0_IrqHandler
    board_cstartup_keil.o(vectors) refers (Weak) to exceptions.o(.text) for TC1_IrqHandler
    board_cstartup_keil.o(vectors) refers (Weak) to exceptions.o(.text) for TC2_IrqHandler
    board_cstartup_keil.o(vectors) refers (Weak) to exceptions.o(.text) for PWM_IrqHandler
    board_cstartup_keil.o(vectors) refers (Weak) to main.o(.text) for ADCC0_IrqHandler
    board_cstartup_keil.o(vectors) refers (Weak) to exceptions.o(.text) for ADCC1_IrqHandler
    board_cstartup_keil.o(vectors) refers (Weak) to exceptions.o(.text) for HDMA_IrqHandler
    board_cstartup_keil.o(vectors) refers (Weak) to exceptions.o(.text) for UDPD_IrqHandler
    board_cstartup_keil.o(vectors) refers to exceptions.o(.text) for IrqHandlerNotUsed
    exceptions.o(.text) refers to led.o(.text) for LED_toggle
    exceptions.o(.text) refers to usart.o(.text) for USART_ReadBuffer
    exceptions.o(.text) refers to nvic.o(.text) for IRQ_ConfigureIT
    exceptions.o(.text) refers to exchange.o(.text) for check_dma_transactions
    exceptions.o(.text) refers to exceptions.o(.data) for usart_flag
    exceptions.o(.text) refers to main.o(.data) for TOKEN
    exceptions.o(.text) refers to main.o(.bss) for USART_BUFFER
    nvic.o(.text) refers to board_cstartup_keil.o(.text) for GetExceptionTable
    nvic.o(.text) refers to exceptions.o(.text) for IrqHandlerNotUsed
    twi.o(.text) refers to math.o(.text) for power
    tc.o(.text) refers to rt_memcpy_w.o(.text) for __aeabi_memcpy4
    tc.o(.text) refers to tc.o(.constdata) for .constdata
    main.o(.text) refers to tc.o(.text) for TC_FindMckDivisor
    main.o(.text) refers to nvic.o(.text) for IRQ_ConfigureIT
    main.o(.text) refers to adc12.o(.text) for ADC12_EnableIt
    main.o(.text) refers to usart.o(.text) for USART_Configure
    main.o(.text) refers to pio.o(.text) for PIO_Configure
    main.o(.text) refers to pmc.o(.text) for PMC_EnablePeripheral
    main.o(.text) refers to led.o(.text) for LED_Configure
    main.o(.text) refers to exceptions.o(.text) for wait_usart_irq_flag
    main.o(.text) refers (Weak) to exceptions.o(.text) for TC0_IrqHandler
    main.o(.text) refers to main.o(.data) for conversionDone
    main.o(.text) refers to main.o(.bss) for ADC_BUFFER
    main.o(.text) refers (Weak) to exceptions.o(.text) for USART1_IrqTokenHandler
    main.o(.text) refers to main.o(.constdata) for pins
    __main.o(!!!main) refers to rtentry.o(.ARM.Collect$$rtentry$$00000000) for __rt_entry
    rtentry.o(.ARM.Collect$$rtentry$$00000000) refers (Special) to rtentry2.o(.ARM.Collect$$rtentry$$0000000A) for __rt_entry_li
    rtentry.o(.ARM.Collect$$rtentry$$00000000) refers (Special) to rtentry2.o(.ARM.Collect$$rtentry$$0000000D) for __rt_entry_main
    rtentry.o(.ARM.Collect$$rtentry$$00000000) refers (Special) to rtentry2.o(.ARM.Collect$$rtentry$$0000000C) for __rt_entry_postli_1
    rtentry.o(.ARM.Collect$$rtentry$$00000000) refers (Special) to rtentry2.o(.ARM.Collect$$rtentry$$00000009) for __rt_entry_postsh_1
    rtentry.o(.ARM.Collect$$rtentry$$00000000) refers (Special) to rtentry2.o(.ARM.Collect$$rtentry$$00000002) for __rt_entry_presh_1
    rtentry.o(.ARM.Collect$$rtentry$$00000000) refers (Special) to rtentry7.o(.ARM.Collect$$rtentry$$00000007) for __rt_entry_sh
    rtentry.o(.ARM.exidx) refers (Special) to rtentry2.o(.ARM.Collect$$rtentry$$0000000A) for __rt_entry_li
    rtentry.o(.ARM.exidx) refers (Special) to rtentry2.o(.ARM.Collect$$rtentry$$0000000D) for __rt_entry_main
    rtentry.o(.ARM.exidx) refers (Special) to rtentry2.o(.ARM.Collect$$rtentry$$0000000C) for __rt_entry_postli_1
    rtentry.o(.ARM.exidx) refers (Special) to rtentry2.o(.ARM.Collect$$rtentry$$00000009) for __rt_entry_postsh_1
    rtentry.o(.ARM.exidx) refers (Special) to rtentry2.o(.ARM.Collect$$rtentry$$00000002) for __rt_entry_presh_1
    rtentry.o(.ARM.exidx) refers (Special) to rtentry7.o(.ARM.Collect$$rtentry$$00000007) for __rt_entry_sh
    rtentry.o(.ARM.exidx) refers to rtentry.o(.ARM.Collect$$rtentry$$00000000) for .ARM.Collect$$rtentry$$00000000
    rtentry2.o(.ARM.Collect$$rtentry$$00000008) refers to boardinit2.o(.text) for _platform_post_stackheap_init
    rtentry2.o(.ARM.Collect$$rtentry$$0000000A) refers to libinit.o(.ARM.Collect$$libinit$$00000000) for __rt_lib_init
    rtentry2.o(.ARM.Collect$$rtentry$$0000000B) refers to boardinit3.o(.text) for _platform_post_lib_init
    rtentry2.o(.ARM.Collect$$rtentry$$0000000D) refers to main.o(.text) for main
    rtentry2.o(.ARM.Collect$$rtentry$$0000000D) refers to exit.o(.text) for exit
    rtentry2.o(.ARM.exidx) refers to rtentry2.o(.ARM.Collect$$rtentry$$00000001) for .ARM.Collect$$rtentry$$00000001
    rtentry2.o(.ARM.exidx) refers to rtentry2.o(.ARM.Collect$$rtentry$$00000002) for .ARM.Collect$$rtentry$$00000002
    rtentry2.o(.ARM.exidx) refers to rtentry2.o(.ARM.Collect$$rtentry$$00000008) for .ARM.Collect$$rtentry$$00000008
    rtentry2.o(.ARM.exidx) refers to rtentry2.o(.ARM.Collect$$rtentry$$00000009) for .ARM.Collect$$rtentry$$00000009
    rtentry2.o(.ARM.exidx) refers to rtentry2.o(.ARM.Collect$$rtentry$$0000000A) for .ARM.Collect$$rtentry$$0000000A
    rtentry2.o(.ARM.exidx) refers to rtentry2.o(.ARM.Collect$$rtentry$$0000000B) for .ARM.Collect$$rtentry$$0000000B
    rtentry2.o(.ARM.exidx) refers to rtentry2.o(.ARM.Collect$$rtentry$$0000000C) for .ARM.Collect$$rtentry$$0000000C
    rtentry2.o(.ARM.exidx) refers to rtentry2.o(.ARM.Collect$$rtentry$$0000000D) for .ARM.Collect$$rtentry$$0000000D
    rtentry4.o(.ARM.Collect$$rtentry$$00000004) refers to sys_stackheap_outer.o(.text) for __user_setup_stackheap
    rtentry4.o(.ARM.exidx) refers to rtentry4.o(.ARM.Collect$$rtentry$$00000004) for .ARM.Collect$$rtentry$$00000004
    rtentry7.o(.ARM.Collect$$rtentry$$00000007) refers to rtentry7.o(.ARM.Collect$$rtentry$$00002718) for __lit__00000000
    rtentry7.o(__vectab_stack_and_reset_2_area) refers to __main.o(!!!main) for __main
    rtentry7.o(.ARM.exidx) refers to rtentry7.o(.ARM.Collect$$rtentry$$00000007) for .ARM.Collect$$rtentry$$00000007
    rtentry7.o(.ARM.exidx) refers to rtentry7.o(.ARM.Collect$$rtentry$$00002718) for .ARM.Collect$$rtentry$$00002718
    sys_stackheap_outer.o(.text) refers to libspace.o(.text) for __user_perproc_libspace
    sys_stackheap_outer.o(.text) refers to sys_stackheap.o(.text) for __user_initial_stackheap
    exit.o(.text) refers to rtexit.o(.ARM.Collect$$rtexit$$00000000) for __rt_exit
    libinit.o(.ARM.Collect$$libinit$$00000000) refers (Special) to libinit2.o(.ARM.Collect$$libinit$$0000002A) for __rt_lib_init_alloca_1
    libinit.o(.ARM.Collect$$libinit$$00000000) refers (Special) to libinit2.o(.ARM.Collect$$libinit$$00000028) for __rt_lib_init_argv_1
    libinit.o(.ARM.Collect$$libinit$$00000000) refers (Special) to libinit2.o(.ARM.Collect$$libinit$$00000017) for __rt_lib_init_atexit_1
    libinit.o(.ARM.Collect$$libinit$$00000000) refers (Special) to libinit2.o(.ARM.Collect$$libinit$$0000001D) for __rt_lib_init_clock_1
    libinit.o(.ARM.Collect$$libinit$$00000000) refers (Special) to libinit2.o(.ARM.Collect$$libinit$$0000002E) for __rt_lib_init_cpp_1
    libinit.o(.ARM.Collect$$libinit$$00000000) refers (Special) to libinit2.o(.ARM.Collect$$libinit$$0000002C) for __rt_lib_init_exceptions_1
    libinit.o(.ARM.Collect$$libinit$$00000000) refers (Special) to libinit2.o(.ARM.Collect$$libinit$$0000001B) for __rt_lib_init_fp_trap_1
    libinit.o(.ARM.Collect$$libinit$$00000000) refers (Special) to libinit2.o(.ARM.Collect$$libinit$$0000001F) for __rt_lib_init_getenv_1
    libinit.o(.ARM.Collect$$libinit$$00000000) refers (Special) to libinit2.o(.ARM.Collect$$libinit$$00000006) for __rt_lib_init_heap_1
    libinit.o(.ARM.Collect$$libinit$$00000000) refers (Special) to libinit2.o(.ARM.Collect$$libinit$$0000000D) for __rt_lib_init_lc_collate_1
    libinit.o(.ARM.Collect$$libinit$$00000000) refers (Special) to libinit2.o(.ARM.Collect$$libinit$$0000000F) for __rt_lib_init_lc_ctype_1
    libinit.o(.ARM.Collect$$libinit$$00000000) refers (Special) to libinit2.o(.ARM.Collect$$libinit$$00000011) for __rt_lib_init_lc_monetary_1
    libinit.o(.ARM.Collect$$libinit$$00000000) refers (Special) to libinit2.o(.ARM.Collect$$libinit$$00000013) for __rt_lib_init_lc_numeric_1
    libinit.o(.ARM.Collect$$libinit$$00000000) refers (Special) to libinit2.o(.ARM.Collect$$libinit$$00000015) for __rt_lib_init_lc_time_1
    libinit.o(.ARM.Collect$$libinit$$00000000) refers (Special) to libinit2.o(.ARM.Collect$$libinit$$0000000A) for __rt_lib_init_rand_1
    libinit.o(.ARM.Collect$$libinit$$00000000) refers (Special) to libinit2.o(.ARM.Collect$$libinit$$0000002F) for __rt_lib_init_return
    libinit.o(.ARM.Collect$$libinit$$00000000) refers (Special) to libinit2.o(.ARM.Collect$$libinit$$00000019) for __rt_lib_init_signal_1
    libinit.o(.ARM.Collect$$libinit$$00000000) refers (Special) to libinit2.o(.ARM.Collect$$libinit$$00000021) for __rt_lib_init_stdio_1
    libinit.o(.ARM.Collect$$libinit$$00000000) refers (Special) to libinit2.o(.ARM.Collect$$libinit$$00000008) for __rt_lib_init_user_alloc_1
    libinit.o(.ARM.Collect$$libinit$$00000000) refers to fpinit.o(x$fpl$fpinit) for _fp_init
    libspace.o(.text) refers to libspace.o(.bss) for __libspace_start
    sys_stackheap.o(.text) refers to use_no_semi.o(.text) for __I$use$semihosting
    rtexit.o(.ARM.Collect$$rtexit$$00000000) refers (Special) to rtexit2.o(.ARM.Collect$$rtexit$$00000004) for __rt_exit_exit
    rtexit.o(.ARM.Collect$$rtexit$$00000000) refers (Special) to rtexit2.o(.ARM.Collect$$rtexit$$00000003) for __rt_exit_ls
    rtexit.o(.ARM.Collect$$rtexit$$00000000) refers (Special) to rtexit2.o(.ARM.Collect$$rtexit$$00000002) for __rt_exit_prels_1
    rtexit.o(.ARM.exidx) refers (Special) to rtexit2.o(.ARM.Collect$$rtexit$$00000004) for __rt_exit_exit
    rtexit.o(.ARM.exidx) refers (Special) to rtexit2.o(.ARM.Collect$$rtexit$$00000003) for __rt_exit_ls
    rtexit.o(.ARM.exidx) refers (Special) to rtexit2.o(.ARM.Collect$$rtexit$$00000002) for __rt_exit_prels_1
    rtexit.o(.ARM.exidx) refers to rtexit.o(.ARM.Collect$$rtexit$$00000000) for .ARM.Collect$$rtexit$$00000000
    libinit2.o(.ARM.Collect$$libinit$$0000000C) refers to libinit2.o(.ARM.Collect$$libinit$$0000000B) for .ARM.Collect$$libinit$$0000000B
    libinit2.o(.ARM.Collect$$libinit$$0000000E) refers to libinit2.o(.ARM.Collect$$libinit$$0000000B) for .ARM.Collect$$libinit$$0000000B
    libinit2.o(.ARM.Collect$$libinit$$00000010) refers to libinit2.o(.ARM.Collect$$libinit$$0000000B) for .ARM.Collect$$libinit$$0000000B
    libinit2.o(.ARM.Collect$$libinit$$00000012) refers to libinit2.o(.ARM.Collect$$libinit$$0000000B) for .ARM.Collect$$libinit$$0000000B
    libinit2.o(.ARM.Collect$$libinit$$00000014) refers to libinit2.o(.ARM.Collect$$libinit$$0000000B) for .ARM.Collect$$libinit$$0000000B
    libinit2.o(.ARM.Collect$$libinit$$00000022) refers to argv_veneer.o(.emb_text) for __ARM_argv_veneer
    libinit2.o(.ARM.Collect$$libinit$$00000023) refers to argv_veneer.o(.emb_text) for __ARM_argv_veneer
    libinit5.o(.ARM.Collect$$libinit$$00000004) refers to libinit5.o(.ARM.Collect$$libinit$$00002715) for __lit__00000000
    libinit5.o(.ARM.Collect$$libinit$$00000026) refers to libinit5.o(.ARM.Collect$$libinit$$00002737) for __lit__00000002
    libinit5.o(.ARM.Collect$$libinit$$00000026) refers to argv_veneer.o(.emb_text) for __ARM_argv_veneer
    fpinit.o(x$fpl$fpinit) refers to rt_fp_status_addr_intlibspace.o(.text) for __rt_fp_status_addr
    rtexit2.o(.ARM.Collect$$rtexit$$00000003) refers to libshutdown.o(.ARM.Collect$$libshutdown$$00000000) for __rt_lib_shutdown
    rtexit2.o(.ARM.Collect$$rtexit$$00000004) refers to sys_exit.o(.text) for _sys_exit
    rtexit2.o(.ARM.exidx) refers to rtexit2.o(.ARM.Collect$$rtexit$$00000001) for .ARM.Collect$$rtexit$$00000001
    rtexit2.o(.ARM.exidx) refers to rtexit2.o(.ARM.Collect$$rtexit$$00000002) for .ARM.Collect$$rtexit$$00000002
    rtexit2.o(.ARM.exidx) refers to rtexit2.o(.ARM.Collect$$rtexit$$00000003) for .ARM.Collect$$rtexit$$00000003
    rtexit2.o(.ARM.exidx) refers to rtexit2.o(.ARM.Collect$$rtexit$$00000004) for .ARM.Collect$$rtexit$$00000004
    rt_fp_status_addr.o(.text) refers to rt_fp_status_addr.o(.bss) for __rt_fp_status_addr_data
    rt_fp_status_addr_intlibspace.o(.text) refers to libspace.o(.bss) for __libspace_start
    argv_veneer.o(.emb_text) refers to no_argv.o(.text) for __ARM_get_argv
    sys_exit.o(.text) refers (Special) to use_no_semi.o(.text) for __I$use$semihosting
    _get_argv_nomalloc.o(.text) refers (Special) to hrguard.o(.text) for __heap_region$guard
    _get_argv_nomalloc.o(.text) refers to defsig_rtmem_outer.o(.text) for __rt_SIGRTMEM
    _get_argv_nomalloc.o(.text) refers to sys_command.o(.text) for _sys_command_string
    libshutdown.o(.ARM.Collect$$libshutdown$$00000000) refers (Special) to libshutdown2.o(.ARM.Collect$$libshutdown$$00000006) for __rt_lib_shutdown_fp_trap_1
    libshutdown.o(.ARM.Collect$$libshutdown$$00000000) refers (Special) to libshutdown2.o(.ARM.Collect$$libshutdown$$0000000E) for __rt_lib_shutdown_heap_1
    libshutdown.o(.ARM.Collect$$libshutdown$$00000000) refers (Special) to libshutdown2.o(.ARM.Collect$$libshutdown$$0000000F) for __rt_lib_shutdown_return
    libshutdown.o(.ARM.Collect$$libshutdown$$00000000) refers (Special) to libshutdown2.o(.ARM.Collect$$libshutdown$$00000009) for __rt_lib_shutdown_signal_1
    libshutdown.o(.ARM.Collect$$libshutdown$$00000000) refers (Special) to libshutdown2.o(.ARM.Collect$$libshutdown$$00000003) for __rt_lib_shutdown_stdio_1
    libshutdown.o(.ARM.Collect$$libshutdown$$00000000) refers (Special) to libshutdown2.o(.ARM.Collect$$libshutdown$$0000000B) for __rt_lib_shutdown_user_alloc_1
    sys_command.o(.text) refers (Special) to use_no_semi.o(.text) for __I$use$semihosting
    defsig_rtmem_outer.o(.text) refers to defsig_rtmem_inner.o(.text) for __rt_SIGRTMEM_inner
    defsig_rtmem_outer.o(.text) refers to defsig_exit.o(.text) for __sig_exit
    defsig_rtmem_formal.o(.text) refers to rt_raise.o(.text) for __rt_raise
    rt_raise.o(.text) refers to __raise.o(.text) for __raise
    rt_raise.o(.text) refers to sys_exit.o(.text) for _sys_exit
    defsig_exit.o(.text) refers to sys_exit.o(.text) for _sys_exit
    defsig_rtmem_inner.o(.text) refers to defsig_general.o(.text) for __default_signal_display
    __raise.o(.text) refers to defsig.o(CL$$defsig) for __default_signal_handler
    defsig_general.o(.text) refers to sys_wrch.o(.text) for _ttywrch
    sys_wrch.o(.text) refers (Special) to use_no_semi.o(.text) for __I$use$semihosting
    defsig.o(CL$$defsig) refers to defsig_rtmem_inner.o(.text) for __rt_SIGRTMEM_inner
    defsig_abrt_inner.o(.text) refers to defsig_general.o(.text) for __default_signal_display
    defsig_fpe_inner.o(.text) refers to defsig_general.o(.text) for __default_signal_display
    defsig_rtred_inner.o(.text) refers to defsig_general.o(.text) for __default_signal_display
    defsig_stak_inner.o(.text) refers to defsig_general.o(.text) for __default_signal_display
    defsig_pvfn_inner.o(.text) refers to defsig_general.o(.text) for __default_signal_display
    defsig_cppl_inner.o(.text) refers to defsig_general.o(.text) for __default_signal_display
    defsig_segv_inner.o(.text) refers to defsig_general.o(.text) for __default_signal_display
    defsig_other.o(.text) refers to defsig_general.o(.text) for __default_signal_display


==============================================================================

Removing Unused input sections from the image.

    Removing systick.o(.text), (44 bytes).
    Removing ssc.o(.text), (80 bytes).
    Removing smc.o(.text), (44 bytes).
    Removing twi.o(.text), (308 bytes).
    Removing core_cm3.o(.emb_text), (32 bytes).
    Removing math.o(.text), (44 bytes).

6 unused section(s) (total 552 bytes) removed from the image.

==============================================================================

Image Symbol Table

    Local Symbols

    Symbol Name                              Value     Ov Type        Size  Object(Section)

    ../../angel/boardlib.s                   0x00000000   Number         0  boardshut.o ABSOLUTE
    ../../angel/boardlib.s                   0x00000000   Number         0  boardinit3.o ABSOLUTE
    ../../angel/boardlib.s                   0x00000000   Number         0  boardinit2.o ABSOLUTE
    ../../angel/boardlib.s                   0x00000000   Number         0  boardinit1.o ABSOLUTE
    ../../angel/handlers.s                   0x00000000   Number         0  __scatter_copy.o ABSOLUTE
    ../../angel/handlers.s                   0x00000000   Number         0  __scatter_zi.o ABSOLUTE
    ../../angel/kernel.s                     0x00000000   Number         0  rtexit.o ABSOLUTE
    ../../angel/kernel.s                     0x00000000   Number         0  rtentry.o ABSOLUTE
    ../../angel/kernel.s                     0x00000000   Number         0  rtentry2.o ABSOLUTE
    ../../angel/kernel.s                     0x00000000   Number         0  rtentry7.o ABSOLUTE
    ../../angel/kernel.s                     0x00000000   Number         0  rtexit2.o ABSOLUTE
    ../../angel/kernel.s                     0x00000000   Number         0  rtentry4.o ABSOLUTE
    ../../angel/rt.s                         0x00000000   Number         0  rt_raise.o ABSOLUTE
    ../../angel/rt.s                         0x00000000   Number         0  rt_fp_status_addr_intlibspace.o ABSOLUTE
    ../../angel/rt.s                         0x00000000   Number         0  rt_fp_status_addr.o ABSOLUTE
    ../../angel/scatter.s                    0x00000000   Number         0  __scatter.o ABSOLUTE
    ../../angel/startup.s                    0x00000000   Number         0  __main.o ABSOLUTE
    ../../angel/sys.s                        0x00000000   Number         0  sys_stackheap_outer.o ABSOLUTE
    ../../angel/sys.s                        0x00000000   Number         0  use_no_semi.o ABSOLUTE
    ../../angel/sys.s                        0x00000000   Number         0  sys_stackheap.o ABSOLUTE
    ../../angel/sys.s                        0x00000000   Number         0  libspace.o ABSOLUTE
    ../../angel/sysapp.c                     0x00000000   Number         0  sys_wrch.o ABSOLUTE
    ../../angel/sysapp.c                     0x00000000   Number         0  sys_command.o ABSOLUTE
    ../../angel/sysapp.c                     0x00000000   Number         0  sys_exit.o ABSOLUTE
    ../../armsys.c                           0x00000000   Number         0  _get_argv_nomalloc.o ABSOLUTE
    ../../armsys.c                           0x00000000   Number         0  no_argv.o ABSOLUTE
    ../../armsys.c                           0x00000000   Number         0  argv_veneer.o ABSOLUTE
    ../../armsys.c                           0x00000000   Number         0  argv_veneer.o ABSOLUTE
    ../../fpinit.s                           0x00000000   Number         0  fpinit.o ABSOLUTE
    ../../heapalloc.c                        0x00000000   Number         0  hrguard.o ABSOLUTE
    ../../libinit.s                          0x00000000   Number         0  libshutdown2.o ABSOLUTE
    ../../libinit.s                          0x00000000   Number         0  libinit5.o ABSOLUTE
    ../../libinit.s                          0x00000000   Number         0  libinit.o ABSOLUTE
    ../../libinit.s                          0x00000000   Number         0  libshutdown.o ABSOLUTE
    ../../libinit.s                          0x00000000   Number         0  libinit2.o ABSOLUTE
    ../../memcpset.s                         0x00000000   Number         0  rt_memcpy_w.o ABSOLUTE
    ../../signal.c                           0x00000000   Number         0  defsig_rtmem_inner.o ABSOLUTE
    ../../signal.c                           0x00000000   Number         0  defsig_rtred_inner.o ABSOLUTE
    ../../signal.c                           0x00000000   Number         0  __raise.o ABSOLUTE
    ../../signal.c                           0x00000000   Number         0  defsig_general.o ABSOLUTE
    ../../signal.c                           0x00000000   Number         0  defsig_rtmem_outer.o ABSOLUTE
    ../../signal.c                           0x00000000   Number         0  defsig_abrt_inner.o ABSOLUTE
    ../../signal.c                           0x00000000   Number         0  defsig_fpe_inner.o ABSOLUTE
    ../../signal.c                           0x00000000   Number         0  defsig_exit.o ABSOLUTE
    ../../signal.c                           0x00000000   Number         0  defsig_pvfn_inner.o ABSOLUTE
    ../../signal.c                           0x00000000   Number         0  defsig_cppl_inner.o ABSOLUTE
    ../../signal.c                           0x00000000   Number         0  defsig_segv_inner.o ABSOLUTE
    ../../signal.c                           0x00000000   Number         0  defsig_other.o ABSOLUTE
    ../../signal.c                           0x00000000   Number         0  defsig_rtmem_formal.o ABSOLUTE
    ../../signal.c                           0x00000000   Number         0  defsig_stak_inner.o ABSOLUTE
    ../../signal.s                           0x00000000   Number         0  defsig.o ABSOLUTE
    ../../stdlib.c                           0x00000000   Number         0  exit.o ABSOLUTE
    adc\adc12.c                              0x00000000   Number         0  adc12.o ABSOLUTE
    board\board_cstartup_keil.c              0x00000000   Number         0  board_cstartup_keil.o ABSOLUTE
    board\board_lowlevel.c                   0x00000000   Number         0  board_lowlevel.o ABSOLUTE
    board\exceptions.c                       0x00000000   Number         0  exceptions.o ABSOLUTE
    cmsis\\core_cm3.c                        0x00000000   Number         0  core_cm3.o ABSOLUTE
    cmsis\core_cm3.c                         0x00000000   Number         0  core_cm3.o ABSOLUTE
    dc.s                                     0x00000000   Number         0  dc.o ABSOLUTE
    dispatch.c                               0x00000000   Number         0  dispatch.o ABSOLUTE
    exchange.c                               0x00000000   Number         0  exchange.o ABSOLUTE
    main\main.c                              0x00000000   Number         0  main.o ABSOLUTE
    peripherals\irq\nvic.c                   0x00000000   Number         0  nvic.o ABSOLUTE
    peripherals\led\led.c                    0x00000000   Number         0  led.o ABSOLUTE
    peripherals\pio\pio.c                    0x00000000   Number         0  pio.o ABSOLUTE
    peripherals\pmc\pmc.c                    0x00000000   Number         0  pmc.o ABSOLUTE
    peripherals\smc\smc.c                    0x00000000   Number         0  smc.o ABSOLUTE
    peripherals\ssc\ssc.c                    0x00000000   Number         0  ssc.o ABSOLUTE
    peripherals\systick\systick.c            0x00000000   Number         0  systick.o ABSOLUTE
    peripherals\tc\tc.c                      0x00000000   Number         0  tc.o ABSOLUTE
    peripherals\twi\twi.c                    0x00000000   Number         0  twi.o ABSOLUTE
    peripherals\usart\usart.c                0x00000000   Number         0  usart.o ABSOLUTE
    utility\math.c                           0x00000000   Number         0  math.o ABSOLUTE
    vectors                                  0x20000000   Section      188  board_cstartup_keil.o(vectors)
    !!!main                                  0x200000bc   Section        8  __main.o(!!!main)
    !!!scatter                               0x200000c4   Section       52  __scatter.o(!!!scatter)
    !!handler_copy                           0x200000f8   Section       26  __scatter_copy.o(!!handler_copy)
    !!handler_zi                             0x20000114   Section       28  __scatter_zi.o(!!handler_zi)
    .ARM.Collect$$libinit$$00000000          0x20000130   Section        6  libinit.o(.ARM.Collect$$libinit$$00000000)
    .ARM.Collect$$libinit$$00000006          0x20000136   Section        0  libinit2.o(.ARM.Collect$$libinit$$00000006)
    .ARM.Collect$$libinit$$00000008          0x20000136   Section        0  libinit2.o(.ARM.Collect$$libinit$$00000008)
    .ARM.Collect$$libinit$$0000000A          0x20000136   Section        0  libinit2.o(.ARM.Collect$$libinit$$0000000A)
    .ARM.Collect$$libinit$$0000000D          0x20000136   Section        0  libinit2.o(.ARM.Collect$$libinit$$0000000D)
    .ARM.Collect$$libinit$$0000000F          0x20000136   Section        0  libinit2.o(.ARM.Collect$$libinit$$0000000F)
    .ARM.Collect$$libinit$$00000011          0x20000136   Section        0  libinit2.o(.ARM.Collect$$libinit$$00000011)
    .ARM.Collect$$libinit$$00000013          0x20000136   Section        0  libinit2.o(.ARM.Collect$$libinit$$00000013)
    .ARM.Collect$$libinit$$00000015          0x20000136   Section        0  libinit2.o(.ARM.Collect$$libinit$$00000015)
    .ARM.Collect$$libinit$$00000017          0x20000136   Section        0  libinit2.o(.ARM.Collect$$libinit$$00000017)
    .ARM.Collect$$libinit$$00000019          0x20000136   Section        0  libinit2.o(.ARM.Collect$$libinit$$00000019)
    .ARM.Collect$$libinit$$0000001B          0x20000136   Section        0  libinit2.o(.ARM.Collect$$libinit$$0000001B)
    .ARM.Collect$$libinit$$0000001D          0x20000136   Section        0  libinit2.o(.ARM.Collect$$libinit$$0000001D)
    .ARM.Collect$$libinit$$0000001F          0x20000136   Section        0  libinit2.o(.ARM.Collect$$libinit$$0000001F)
    .ARM.Collect$$libinit$$00000021          0x20000136   Section        0  libinit2.o(.ARM.Collect$$libinit$$00000021)
    .ARM.Collect$$libinit$$00000028          0x20000136   Section        0  libinit2.o(.ARM.Collect$$libinit$$00000028)
    .ARM.Collect$$libinit$$0000002A          0x20000136   Section        0  libinit2.o(.ARM.Collect$$libinit$$0000002A)
    .ARM.Collect$$libinit$$0000002C          0x20000136   Section        0  libinit2.o(.ARM.Collect$$libinit$$0000002C)
    .ARM.Collect$$libinit$$0000002E          0x20000136   Section        0  libinit2.o(.ARM.Collect$$libinit$$0000002E)
    .ARM.Collect$$libinit$$0000002F          0x20000136   Section        2  libinit2.o(.ARM.Collect$$libinit$$0000002F)
    .ARM.Collect$$libshutdown$$00000000      0x20000138   Section        2  libshutdown.o(.ARM.Collect$$libshutdown$$00000000)
    .ARM.Collect$$libshutdown$$00000003      0x2000013a   Section        0  libshutdown2.o(.ARM.Collect$$libshutdown$$00000003)
    .ARM.Collect$$libshutdown$$00000006      0x2000013a   Section        0  libshutdown2.o(.ARM.Collect$$libshutdown$$00000006)
    .ARM.Collect$$libshutdown$$00000009      0x2000013a   Section        0  libshutdown2.o(.ARM.Collect$$libshutdown$$00000009)
    .ARM.Collect$$libshutdown$$0000000B      0x2000013a   Section        0  libshutdown2.o(.ARM.Collect$$libshutdown$$0000000B)
    .ARM.Collect$$libshutdown$$0000000E      0x2000013a   Section        0  libshutdown2.o(.ARM.Collect$$libshutdown$$0000000E)
    .ARM.Collect$$libshutdown$$0000000F      0x2000013a   Section        2  libshutdown2.o(.ARM.Collect$$libshutdown$$0000000F)
    .ARM.Collect$$rtentry$$00000000          0x2000013c   Section        0  rtentry.o(.ARM.Collect$$rtentry$$00000000)
    .ARM.Collect$$rtentry$$00000002          0x2000013c   Section        0  rtentry2.o(.ARM.Collect$$rtentry$$00000002)
    .ARM.Collect$$rtentry$$00000007          0x2000013c   Section        4  rtentry7.o(.ARM.Collect$$rtentry$$00000007)
    .ARM.Collect$$rtentry$$00000009          0x20000140   Section        0  rtentry2.o(.ARM.Collect$$rtentry$$00000009)
    .ARM.Collect$$rtentry$$0000000A          0x20000140   Section        4  rtentry2.o(.ARM.Collect$$rtentry$$0000000A)
    .ARM.Collect$$rtentry$$0000000C          0x20000144   Section        0  rtentry2.o(.ARM.Collect$$rtentry$$0000000C)
    .ARM.Collect$$rtentry$$0000000D          0x20000144   Section        8  rtentry2.o(.ARM.Collect$$rtentry$$0000000D)
    .ARM.Collect$$rtentry$$00002718          0x2000014c   Section        4  rtentry7.o(.ARM.Collect$$rtentry$$00002718)
    __lit__00000000                          0x2000014c   Data           4  rtentry7.o(.ARM.Collect$$rtentry$$00002718)
    .ARM.Collect$$rtexit$$00000000           0x20000150   Section        2  rtexit.o(.ARM.Collect$$rtexit$$00000000)
    .ARM.Collect$$rtexit$$00000002           0x20000152   Section        0  rtexit2.o(.ARM.Collect$$rtexit$$00000002)
    .ARM.Collect$$rtexit$$00000003           0x20000152   Section        4  rtexit2.o(.ARM.Collect$$rtexit$$00000003)
    .ARM.Collect$$rtexit$$00000004           0x20000156   Section        6  rtexit2.o(.ARM.Collect$$rtexit$$00000004)
    .text                                    0x2000015c   Section        0  board_cstartup_keil.o(.text)
    .text                                    0x200001b4   Section        0  board_lowlevel.o(.text)
    .text                                    0x20000328   Section        0  exceptions.o(.text)
    .text                                    0x200005e0   Section        0  usart.o(.text)
    .text                                    0x2000075c   Section        0  nvic.o(.text)
    NVIC_DisableIRQ                          0x2000084b   Thumb Code    20  nvic.o(.text)
    NVIC_ClearPendingIRQ                     0x2000085f   Thumb Code    20  nvic.o(.text)
    .text                                    0x20000888   Section        0  pio.o(.text)
    PIO_SetPeripheralA                       0x20000889   Thumb Code    28  pio.o(.text)
    PIO_SetPeripheralB                       0x200008a5   Thumb Code    24  pio.o(.text)
    PIO_SetFilter                            0x200008bd   Thumb Code    24  pio.o(.text)
    PIO_SetInput                             0x200008d5   Thumb Code    24  pio.o(.text)
    PIO_SetOutput                            0x200008ed   Thumb Code    36  pio.o(.text)
    .text                                    0x20000a04   Section        0  pmc.o(.text)
    .text                                    0x20000ad8   Section        0  led.o(.text)
    .text                                    0x20000bd8   Section        0  tc.o(.text)
    .text                                    0x20000c68   Section        0  exchange.o(.text)
    .text                                    0x20000d24   Section        0  main.o(.text)
    .text                                    0x20000fd8   Section        0  adc12.o(.text)
    .text                                    0x20001150   Section      100  rt_memcpy_w.o(.text)
    .text                                    0x200011b4   Section        0  exit.o(.text)
    .text                                    0x200011c0   Section        2  use_no_semi.o(.text)
    .text                                    0x200011c4   Section       12  rt_fp_status_addr_intlibspace.o(.text)
    .text                                    0x200011d0   Section        0  sys_exit.o(.text)
    x$fpl$fpinit                             0x200011dc   Section       14  fpinit.o(x$fpl$fpinit)
    .constdata                               0x200011ec   Section       20  tc.o(.constdata)
    .constdata                               0x20001200   Section      480  main.o(.constdata)
    .data                                    0x20080000   Section        1  exceptions.o(.data)
    .data                                    0x20080004   Section       36  main.o(.data)
    .bss                                     0x20080028   Section     8320  main.o(.bss)
    .bss                                     0x200820a8   Section       96  libspace.o(.bss)

    Global Symbols

    Symbol Name                              Value     Ov Type        Size  Object(Section)

    BuildAttributes$$THM_ISAv4$P$D$K$B$S$PE$A:L22UL41UL21$X:L11$S22US41US21$IEEE1$IW$USESV6$~STKCKD$USESV7$~SHL$OSPACE$ROPI$EBA8$UX$STANDARDLIB$REQ8$PRES8$EABIv2 0x00000000   Number         0  anon$$obj.o ABSOLUTE
    __ARM_use_no_argv                        0x00000000   Number         0  main.o ABSOLUTE
    Image$$ZI$$Limit                          - Undefined Weak Reference
    __ARM_exceptions_init                     - Undefined Weak Reference
    __alloca_initialize                       - Undefined Weak Reference
    __cpp_initialize__aeabi_                  - Undefined Weak Reference
    __cxa_finalize                            - Undefined Weak Reference
    __rt_locale                               - Undefined Weak Reference
    __sigvec_lookup                           - Undefined Weak Reference
    _atexit_init                              - Undefined Weak Reference
    _call_atexit_fns                          - Undefined Weak Reference
    _clock_init                               - Undefined Weak Reference
    _fp_trap_init                             - Undefined Weak Reference
    _fp_trap_shutdown                         - Undefined Weak Reference
    _get_lc_collate                           - Undefined Weak Reference
    _get_lc_ctype                             - Undefined Weak Reference
    _get_lc_monetary                          - Undefined Weak Reference
    _get_lc_numeric                           - Undefined Weak Reference
    _get_lc_time                              - Undefined Weak Reference
    _getenv_init                              - Undefined Weak Reference
    _handle_redirection                       - Undefined Weak Reference
    _init_alloc                               - Undefined Weak Reference
    _init_user_alloc                          - Undefined Weak Reference
    _initio                                   - Undefined Weak Reference
    _rand_init                                - Undefined Weak Reference
    _signal_finish                            - Undefined Weak Reference
    _signal_init                              - Undefined Weak Reference
    _terminate_alloc                          - Undefined Weak Reference
    _terminate_user_alloc                     - Undefined Weak Reference
    _terminateio                              - Undefined Weak Reference
    Image$$Vector_region$$Base               0x20000000   Number         0  board_cstartup_keil.o(vectors)
    __vector_table                           0x20000000   Data         188  board_cstartup_keil.o(vectors)
    Image$$Vector_region$$Limit              0x200000bc   Number         0  board_cstartup_keil.o(vectors)
    __main                                   0x200000bd   Thumb Code     8  __main.o(!!!main)
    __scatterload                            0x200000c5   Thumb Code     0  __scatter.o(!!!scatter)
    __scatterload_rt2                        0x200000c5   Thumb Code    44  __scatter.o(!!!scatter)
    __scatterload_rt2_thumb_only             0x200000c5   Thumb Code     0  __scatter.o(!!!scatter)
    __scatterload_null                       0x200000d3   Thumb Code     0  __scatter.o(!!!scatter)
    __scatterload_copy                       0x200000f9   Thumb Code    26  __scatter_copy.o(!!handler_copy)
    __scatterload_zeroinit                   0x20000115   Thumb Code    28  __scatter_zi.o(!!handler_zi)
    __rt_lib_init                            0x20000131   Thumb Code     0  libinit.o(.ARM.Collect$$libinit$$00000000)
    __rt_lib_init_alloca_1                   0x20000137   Thumb Code     0  libinit2.o(.ARM.Collect$$libinit$$0000002A)
    __rt_lib_init_argv_1                     0x20000137   Thumb Code     0  libinit2.o(.ARM.Collect$$libinit$$00000028)
    __rt_lib_init_atexit_1                   0x20000137   Thumb Code     0  libinit2.o(.ARM.Collect$$libinit$$00000017)
    __rt_lib_init_clock_1                    0x20000137   Thumb Code     0  libinit2.o(.ARM.Collect$$libinit$$0000001D)
    __rt_lib_init_cpp_1                      0x20000137   Thumb Code     0  libinit2.o(.ARM.Collect$$libinit$$0000002E)
    __rt_lib_init_exceptions_1               0x20000137   Thumb Code     0  libinit2.o(.ARM.Collect$$libinit$$0000002C)
    __rt_lib_init_fp_trap_1                  0x20000137   Thumb Code     0  libinit2.o(.ARM.Collect$$libinit$$0000001B)
    __rt_lib_init_getenv_1                   0x20000137   Thumb Code     0  libinit2.o(.ARM.Collect$$libinit$$0000001F)
    __rt_lib_init_heap_1                     0x20000137   Thumb Code     0  libinit2.o(.ARM.Collect$$libinit$$00000006)
    __rt_lib_init_lc_collate_1               0x20000137   Thumb Code     0  libinit2.o(.ARM.Collect$$libinit$$0000000D)
    __rt_lib_init_lc_ctype_1                 0x20000137   Thumb Code     0  libinit2.o(.ARM.Collect$$libinit$$0000000F)
    __rt_lib_init_lc_monetary_1              0x20000137   Thumb Code     0  libinit2.o(.ARM.Collect$$libinit$$00000011)
    __rt_lib_init_lc_numeric_1               0x20000137   Thumb Code     0  libinit2.o(.ARM.Collect$$libinit$$00000013)
    __rt_lib_init_lc_time_1                  0x20000137   Thumb Code     0  libinit2.o(.ARM.Collect$$libinit$$00000015)
    __rt_lib_init_rand_1                     0x20000137   Thumb Code     0  libinit2.o(.ARM.Collect$$libinit$$0000000A)
    __rt_lib_init_return                     0x20000137   Thumb Code     0  libinit2.o(.ARM.Collect$$libinit$$0000002F)
    __rt_lib_init_signal_1                   0x20000137   Thumb Code     0  libinit2.o(.ARM.Collect$$libinit$$00000019)
    __rt_lib_init_stdio_1                    0x20000137   Thumb Code     0  libinit2.o(.ARM.Collect$$libinit$$00000021)
    __rt_lib_init_user_alloc_1               0x20000137   Thumb Code     0  libinit2.o(.ARM.Collect$$libinit$$00000008)
    __rt_lib_shutdown                        0x20000139   Thumb Code     0  libshutdown.o(.ARM.Collect$$libshutdown$$00000000)
    __rt_lib_shutdown_fp_trap_1              0x2000013b   Thumb Code     0  libshutdown2.o(.ARM.Collect$$libshutdown$$00000006)
    __rt_lib_shutdown_heap_1                 0x2000013b   Thumb Code     0  libshutdown2.o(.ARM.Collect$$libshutdown$$0000000E)
    __rt_lib_shutdown_return                 0x2000013b   Thumb Code     0  libshutdown2.o(.ARM.Collect$$libshutdown$$0000000F)
    __rt_lib_shutdown_signal_1               0x2000013b   Thumb Code     0  libshutdown2.o(.ARM.Collect$$libshutdown$$00000009)
    __rt_lib_shutdown_stdio_1                0x2000013b   Thumb Code     0  libshutdown2.o(.ARM.Collect$$libshutdown$$00000003)
    __rt_lib_shutdown_user_alloc_1           0x2000013b   Thumb Code     0  libshutdown2.o(.ARM.Collect$$libshutdown$$0000000B)
    __rt_entry                               0x2000013d   Thumb Code     0  rtentry.o(.ARM.Collect$$rtentry$$00000000)
    __rt_entry_presh_1                       0x2000013d   Thumb Code     0  rtentry2.o(.ARM.Collect$$rtentry$$00000002)
    __rt_entry_sh                            0x2000013d   Thumb Code     0  rtentry7.o(.ARM.Collect$$rtentry$$00000007)
    __rt_entry_li                            0x20000141   Thumb Code     0  rtentry2.o(.ARM.Collect$$rtentry$$0000000A)
    __rt_entry_postsh_1                      0x20000141   Thumb Code     0  rtentry2.o(.ARM.Collect$$rtentry$$00000009)
    __rt_entry_main                          0x20000145   Thumb Code     0  rtentry2.o(.ARM.Collect$$rtentry$$0000000D)
    __rt_entry_postli_1                      0x20000145   Thumb Code     0  rtentry2.o(.ARM.Collect$$rtentry$$0000000C)
    __rt_exit                                0x20000151   Thumb Code     0  rtexit.o(.ARM.Collect$$rtexit$$00000000)
    __rt_exit_ls                             0x20000153   Thumb Code     0  rtexit2.o(.ARM.Collect$$rtexit$$00000003)
    __rt_exit_prels_1                        0x20000153   Thumb Code     0  rtexit2.o(.ARM.Collect$$rtexit$$00000002)
    __rt_exit_exit                           0x20000157   Thumb Code     0  rtexit2.o(.ARM.Collect$$rtexit$$00000004)
    resetHandler                             0x2000015d   Thumb Code    70  board_cstartup_keil.o(.text)
    GetExceptionTable                        0x200001a3   Thumb Code     6  board_cstartup_keil.o(.text)
    SetDefaultMaster                         0x200001b5   Thumb Code    60  board_lowlevel.o(.text)
    LowLevelInit                             0x200001f1   Thumb Code   238  board_lowlevel.o(.text)
    SetFlashWaitState                        0x200002df   Thumb Code    28  board_lowlevel.o(.text)
    IrqHandlerNotUsed                        0x20000329   Thumb Code    10  exceptions.o(.text)
    NMI_Handler                              0x20000333   Thumb Code    10  exceptions.o(.text)
    HardFault_Handler                        0x2000033d   Thumb Code    10  exceptions.o(.text)
    MemManage_Handler                        0x20000347   Thumb Code    10  exceptions.o(.text)
    BusFault_Handler                         0x20000351   Thumb Code    10  exceptions.o(.text)
    UsageFault_Handler                       0x2000035b   Thumb Code    10  exceptions.o(.text)
    SVC_Handler                              0x20000365   Thumb Code    10  exceptions.o(.text)
    DebugMon_Handler                         0x2000036f   Thumb Code    10  exceptions.o(.text)
    PendSV_Handler                           0x20000379   Thumb Code    10  exceptions.o(.text)
    SysTick_Handler                          0x20000383   Thumb Code     2  exceptions.o(.text)
    SYS_IrqHandler                           0x20000385   Thumb Code    10  exceptions.o(.text)
    SUPC_IrqHandler                          0x2000038f   Thumb Code    10  exceptions.o(.text)
    RSTC_IrqHandler                          0x20000399   Thumb Code    10  exceptions.o(.text)
    RTC_IrqHandler                           0x200003a3   Thumb Code    10  exceptions.o(.text)
    RTT_IrqHandler                           0x200003ad   Thumb Code    10  exceptions.o(.text)
    WDT_IrqHandler                           0x200003b7   Thumb Code    10  exceptions.o(.text)
    PMC_IrqHandler                           0x200003c1   Thumb Code    10  exceptions.o(.text)
    EFC0_IrqHandler                          0x200003cb   Thumb Code    10  exceptions.o(.text)
    EFC1_IrqHandler                          0x200003d5   Thumb Code    10  exceptions.o(.text)
    DBGU_IrqHandler                          0x200003df   Thumb Code    10  exceptions.o(.text)
    HSMC4_IrqHandler                         0x200003e9   Thumb Code    10  exceptions.o(.text)
    PIOA_IrqHandler                          0x200003f3   Thumb Code    10  exceptions.o(.text)
    PIOB_IrqHandler                          0x200003fd   Thumb Code    10  exceptions.o(.text)
    PIOC_IrqHandler                          0x20000407   Thumb Code    10  exceptions.o(.text)
    USART0_IrqHandler                        0x20000411   Thumb Code    10  exceptions.o(.text)
    wait_usart_irq_flag                      0x2000041b   Thumb Code    12  exceptions.o(.text)
    set_usart_irq_flag                       0x20000427   Thumb Code     8  exceptions.o(.text)
    reset_usart_irq_flag                     0x2000042f   Thumb Code     8  exceptions.o(.text)
    USART1_IrqDataHandler                    0x20000437   Thumb Code    88  exceptions.o(.text)
    USART1_IrqTokenHandler                   0x2000048f   Thumb Code   150  exceptions.o(.text)
    USART2_IrqHandler                        0x20000525   Thumb Code    10  exceptions.o(.text)
    USART3_IrqHandler                        0x2000052f   Thumb Code    20  exceptions.o(.text)
    MCI0_IrqHandler                          0x20000543   Thumb Code    10  exceptions.o(.text)
    TWI0_IrqHandler                          0x2000054d   Thumb Code    10  exceptions.o(.text)
    TWI1_IrqHandler                          0x20000557   Thumb Code    10  exceptions.o(.text)
    SPI0_IrqHandler                          0x20000561   Thumb Code    10  exceptions.o(.text)
    SSC0_IrqHandler                          0x2000056b   Thumb Code    10  exceptions.o(.text)
    TC0_IrqHandler                           0x20000575   Thumb Code    12  exceptions.o(.text)
    TC1_IrqHandler                           0x20000581   Thumb Code    10  exceptions.o(.text)
    TC2_IrqHandler                           0x2000058b   Thumb Code    10  exceptions.o(.text)
    PWM_IrqHandler                           0x20000595   Thumb Code    10  exceptions.o(.text)
    ADCC1_IrqHandler                         0x2000059f   Thumb Code    10  exceptions.o(.text)
    HDMA_IrqHandler                          0x200005a9   Thumb Code    10  exceptions.o(.text)
    UDPD_IrqHandler                          0x200005b3   Thumb Code    10  exceptions.o(.text)
    USART_Configure                          0x200005e1   Thumb Code    30  usart.o(.text)
    USART_SetTransmitterEnabled              0x200005ff   Thumb Code    14  usart.o(.text)
    USART_SetReceiverEnabled                 0x2000060d   Thumb Code    14  usart.o(.text)
    USART_ResetReceiver                      0x2000061b   Thumb Code    18  usart.o(.text)
    USART_Write                              0x2000062d   Thumb Code    36  usart.o(.text)
    USART_WriteBuffer                        0x20000651   Thumb Code    56  usart.o(.text)
    USART_Read                               0x20000689   Thumb Code    40  usart.o(.text)
    USART_ReadBuffer                         0x200006b1   Thumb Code    72  usart.o(.text)
    USART_IsDataAvailable                    0x200006f9   Thumb Code    18  usart.o(.text)
    USART_ClearDataBuffer                    0x2000070b   Thumb Code    28  usart.o(.text)
    USART_PutChar                            0x20000727   Thumb Code    24  usart.o(.text)
    USART_IsRxReady                          0x2000073f   Thumb Code    10  usart.o(.text)
    USART_GetChar                            0x20000749   Thumb Code    18  usart.o(.text)
    IRQ_ConfigureIT                          0x2000075d   Thumb Code   150  nvic.o(.text)
    IRQ_EnableIT                             0x200007f3   Thumb Code    32  nvic.o(.text)
    IRQ_DisableIT                            0x20000813   Thumb Code    12  nvic.o(.text)
    NVIC_SetPending                          0x2000081f   Thumb Code    26  nvic.o(.text)
    NVIC_ClrPending                          0x20000839   Thumb Code    12  nvic.o(.text)
    NVIC_Swi                                 0x20000845   Thumb Code     6  nvic.o(.text)
    PIO_Configure                            0x20000911   Thumb Code   166  pio.o(.text)
    PIO_Set                                  0x200009b7   Thumb Code     8  pio.o(.text)
    PIO_Clear                                0x200009bf   Thumb Code     8  pio.o(.text)
    PIO_Get                                  0x200009c7   Thumb Code    38  pio.o(.text)
    PIO_GetOutputDataStatus                  0x200009ed   Thumb Code    20  pio.o(.text)
    PMC_DisableProcessorClock                0x20000a05   Thumb Code    22  pmc.o(.text)
    PMC_EnablePeripheral                     0x20000a1b   Thumb Code    38  pmc.o(.text)
    PMC_DisablePeripheral                    0x20000a41   Thumb Code    38  pmc.o(.text)
    PMC_EnableAllPeripherals                 0x20000a67   Thumb Code    24  pmc.o(.text)
    PMC_DisableAllPeripherals                0x20000a7f   Thumb Code    20  pmc.o(.text)
    PMC_IsAllPeriphEnabled                   0x20000a93   Thumb Code    18  pmc.o(.text)
    PMC_IsPeriphEnabled                      0x20000aa5   Thumb Code    20  pmc.o(.text)
    PMC_CPUInIdleMode                        0x20000ab9   Thumb Code     8  pmc.o(.text)
    LED_Configure                            0x20000ad9   Thumb Code    38  led.o(.text)
    LED_toggle_red                           0x20000aff   Thumb Code    30  led.o(.text)
    LED_toggle_green                         0x20000b1d   Thumb Code    30  led.o(.text)
    LED_green_on                             0x20000b3b   Thumb Code    16  led.o(.text)
    LED_red_on                               0x20000b4b   Thumb Code    16  led.o(.text)
    LED_green_off                            0x20000b5b   Thumb Code    16  led.o(.text)
    LED_red_off                              0x20000b6b   Thumb Code    16  led.o(.text)
    LED_all_toggle                           0x20000b7b   Thumb Code    32  led.o(.text)
    LED_toggle                               0x20000b9b   Thumb Code    42  led.o(.text)
    TC_Configure                             0x20000bd9   Thumb Code    14  tc.o(.text)
    TC_Start                                 0x20000be7   Thumb Code     6  tc.o(.text)
    TC_Stop                                  0x20000bed   Thumb Code     6  tc.o(.text)
    TC_FindMckDivisor                        0x20000bf3   Thumb Code   114  tc.o(.text)
    token_crc                                0x20000c69   Thumb Code    28  exchange.o(.text)
    data_crc                                 0x20000c85   Thumb Code    28  exchange.o(.text)
    init_dma_token                           0x20000ca1   Thumb Code    32  exchange.o(.text)
    check_dma_token                          0x20000cc1   Thumb Code    38  exchange.o(.text)
    check_dma_transactions                   0x20000ce7   Thumb Code    62  exchange.o(.text)
    ConfigureTc                              0x20000d25   Thumb Code    82  main.o(.text)
    ADC12_Start                              0x20000d77   Thumb Code    74  main.o(.text)
    memcpy                                   0x20000dc1   Thumb Code    22  main.o(.text)
    ADCC0_IrqHandler                         0x20000dd7   Thumb Code    44  main.o(.text)
    ConfigureUsart                           0x20000e03   Thumb Code    54  main.o(.text)
    init_board                               0x20000e39   Thumb Code   116  main.o(.text)
    memset                                   0x20000ead   Thumb Code    20  main.o(.text)
    main                                     0x20000ec1   Thumb Code   170  main.o(.text)
    ADC12_Samples                            0x20000f6b   Thumb Code     4  main.o(.text)
    ADC12_Tune                               0x20000f6f   Thumb Code     2  main.o(.text)
    ConvHex2mV                               0x20000f71   Thumb Code    20  main.o(.text)
    ADC12_CfgModeReg                         0x20000fd9   Thumb Code     4  adc12.o(.text)
    ADC12_SoftReset                          0x20000fdd   Thumb Code     6  adc12.o(.text)
    ADC12_Initialize                         0x20000fe3   Thumb Code   146  adc12.o(.text)
    ADC12_GetConvertedData                   0x20001075   Thumb Code    70  adc12.o(.text)
    ADC12_GetInterruptMaskStatus             0x200010bb   Thumb Code     6  adc12.o(.text)
    ADC12_IsInterruptMasked                  0x200010c1   Thumb Code    16  adc12.o(.text)
    ADC12_GetStatus                          0x200010d1   Thumb Code     6  adc12.o(.text)
    ADC12_IsStatusSet                        0x200010d7   Thumb Code    16  adc12.o(.text)
    ADC12_IsChannelInterruptStatusSet        0x200010e7   Thumb Code    26  adc12.o(.text)
    ADC12_GetModeReg                         0x20001101   Thumb Code     6  adc12.o(.text)
    ADC12_StartConversion                    0x20001107   Thumb Code     6  adc12.o(.text)
    ADC12_EnableChannel                      0x2000110d   Thumb Code     8  adc12.o(.text)
    ADC12_DisableChannel                     0x20001115   Thumb Code     8  adc12.o(.text)
    ADC12_EnableIt                           0x2000111d   Thumb Code     4  adc12.o(.text)
    ADC12_DisableIt                          0x20001121   Thumb Code     4  adc12.o(.text)
    ADC12_EnableDataReadyIt                  0x20001125   Thumb Code     8  adc12.o(.text)
    ADC12_GetChannelStatus                   0x2000112d   Thumb Code     6  adc12.o(.text)
    ADC12_GetLastConvertedData               0x20001133   Thumb Code     6  adc12.o(.text)
    ADC12_CfgAnalogCtrlReg                   0x20001139   Thumb Code     4  adc12.o(.text)
    ADC12_CfgExtModeReg                      0x2000113d   Thumb Code     4  adc12.o(.text)
    ADC12_GetAnalogCtrlReg                   0x20001141   Thumb Code     6  adc12.o(.text)
    __aeabi_memcpy4                          0x20001151   Thumb Code     0  rt_memcpy_w.o(.text)
    __aeabi_memcpy8                          0x20001151   Thumb Code     0  rt_memcpy_w.o(.text)
    __rt_memcpy_w                            0x20001151   Thumb Code   100  rt_memcpy_w.o(.text)
    _memcpy_lastbytes_aligned                0x20001199   Thumb Code     0  rt_memcpy_w.o(.text)
    exit                                     0x200011b5   Thumb Code    12  exit.o(.text)
    __I$use$semihosting                      0x200011c1   Thumb Code     0  use_no_semi.o(.text)
    __use_no_semihosting_swi                 0x200011c1   Thumb Code     2  use_no_semi.o(.text)
    __rt_fp_status_addr                      0x200011c5   Thumb Code    12  rt_fp_status_addr_intlibspace.o(.text)
    _sys_exit                                0x200011d1   Thumb Code     8  sys_exit.o(.text)
    _fp_init                                 0x200011dd   Thumb Code    14  fpinit.o(x$fpl$fpinit)
    __fplib_config_pureend_doubles           0x200011e9   Thumb Code     0  fpinit.o(x$fpl$fpinit)
    pins                                     0x20001200   Data         480  main.o(.constdata)
    Region$$Table$$Base                      0x200013e0   Number         0  anon$$obj.o(Region$$Table)
    Region$$Table$$Limit                     0x20001400   Number         0  anon$$obj.o(Region$$Table)
    usart_flag                               0x20080000   Data           1  exceptions.o(.data)
    TOKEN                                    0x20080004   Data           6  main.o(.data)
    param                                    0x2008000c   Data           8  main.o(.data)
    result                                   0x20080014   Data           8  main.o(.data)
    adata                                    0x2008001c   Data           4  main.o(.data)
    channels                                 0x20080020   Data           4  main.o(.data)
    conversionDone                           0x20080024   Data           1  main.o(.data)
    BufferIndex                              0x20080026   Data           2  main.o(.data)
    USART_BUFFER                             0x20080028   Data         128  main.o(.bss)
    ADC_BUFFER                               0x200800a8   Data        8192  main.o(.bss)
    __libspace_start                         0x200820a8   Data          96  libspace.o(.bss)
    __temporary_stack_top$libspace           0x20082108   Data           0  libspace.o(.bss)
    Image$$ARM_LIB_HEAP$$ZI$$Base            0x20083000   Number         0  anon$$obj.o(ARM_LIB_HEAP.bss)
    Image$$ARM_LIB_HEAP$$ZI$$Limit           0x20083400   Number         0  anon$$obj.o(ARM_LIB_HEAP.bss)
    Image$$ARM_LIB_STACK$$ZI$$Limit          0x20083ffc   Number         0  anon$$obj.o(ARM_LIB_STACK.bss)



==============================================================================

Memory Map of the image

  Image Entry point : 0x2000015d

  Load Region Load_region (Base: 0x20000000, Size: 0x00001428, Max: 0x00008000, ABSOLUTE)

    Execution Region Vector_region (Base: 0x20000000, Size: 0x000000bc, Max: 0x00000100, ABSOLUTE)

    Base Addr    Size         Type   Attr      Idx    E Section Name        Object

    0x20000000   0x000000bc   Data   RO            4    vectors             board_cstartup_keil.o


    Execution Region Fixed_region (Base: 0x200000bc, Size: 0x00001344, Max: 0xffffffff, ABSOLUTE)

    Base Addr    Size         Type   Attr      Idx    E Section Name        Object

    0x200000bc   0x00000008   Code   RO          344  * !!!main             c_w.l(__main.o)(c_w.l)
    0x200000c4   0x00000034   Code   RO          517    !!!scatter          c_w.l(__scatter.o)(c_w.l)
    0x200000f8   0x0000001a   Code   RO          519    !!handler_copy      c_w.l(__scatter_copy.o)(c_w.l)
    0x20000112   0x00000002   PAD
    0x20000114   0x0000001c   Code   RO          521    !!handler_zi        c_w.l(__scatter_zi.o)(c_w.l)
    0x20000130   0x00000006   Code   RO          381    .ARM.Collect$$libinit$$00000000  c_w.l(libinit.o)(c_w.l)
    0x20000136   0x00000000   Code   RO          391    .ARM.Collect$$libinit$$00000006  c_w.l(libinit2.o)(c_w.l)
    0x20000136   0x00000000   Code   RO          393    .ARM.Collect$$libinit$$00000008  c_w.l(libinit2.o)(c_w.l)
    0x20000136   0x00000000   Code   RO          395    .ARM.Collect$$libinit$$0000000A  c_w.l(libinit2.o)(c_w.l)
    0x20000136   0x00000000   Code   RO          398    .ARM.Collect$$libinit$$0000000D  c_w.l(libinit2.o)(c_w.l)
    0x20000136   0x00000000   Code   RO          400    .ARM.Collect$$libinit$$0000000F  c_w.l(libinit2.o)(c_w.l)
    0x20000136   0x00000000   Code   RO          402    .ARM.Collect$$libinit$$00000011  c_w.l(libinit2.o)(c_w.l)
    0x20000136   0x00000000   Code   RO          404    .ARM.Collect$$libinit$$00000013  c_w.l(libinit2.o)(c_w.l)
    0x20000136   0x00000000   Code   RO          406    .ARM.Collect$$libinit$$00000015  c_w.l(libinit2.o)(c_w.l)
    0x20000136   0x00000000   Code   RO          408    .ARM.Collect$$libinit$$00000017  c_w.l(libinit2.o)(c_w.l)
    0x20000136   0x00000000   Code   RO          410    .ARM.Collect$$libinit$$00000019  c_w.l(libinit2.o)(c_w.l)
    0x20000136   0x00000000   Code   RO          412    .ARM.Collect$$libinit$$0000001B  c_w.l(libinit2.o)(c_w.l)
    0x20000136   0x00000000   Code   RO          414    .ARM.Collect$$libinit$$0000001D  c_w.l(libinit2.o)(c_w.l)
    0x20000136   0x00000000   Code   RO          416    .ARM.Collect$$libinit$$0000001F  c_w.l(libinit2.o)(c_w.l)
    0x20000136   0x00000000   Code   RO          418    .ARM.Collect$$libinit$$00000021  c_w.l(libinit2.o)(c_w.l)
    0x20000136   0x00000000   Code   RO          422    .ARM.Collect$$libinit$$00000028  c_w.l(libinit2.o)(c_w.l)
    0x20000136   0x00000000   Code   RO          424    .ARM.Collect$$libinit$$0000002A  c_w.l(libinit2.o)(c_w.l)
    0x20000136   0x00000000   Code   RO          426    .ARM.Collect$$libinit$$0000002C  c_w.l(libinit2.o)(c_w.l)
    0x20000136   0x00000000   Code   RO          428    .ARM.Collect$$libinit$$0000002E  c_w.l(libinit2.o)(c_w.l)
    0x20000136   0x00000002   Code   RO          429    .ARM.Collect$$libinit$$0000002F  c_w.l(libinit2.o)(c_w.l)
    0x20000138   0x00000002   Code   RO          461    .ARM.Collect$$libshutdown$$00000000  c_w.l(libshutdown.o)(c_w.l)
    0x2000013a   0x00000000   Code   RO          472    .ARM.Collect$$libshutdown$$00000003  c_w.l(libshutdown2.o)(c_w.l)
    0x2000013a   0x00000000   Code   RO          475    .ARM.Collect$$libshutdown$$00000006  c_w.l(libshutdown2.o)(c_w.l)
    0x2000013a   0x00000000   Code   RO          478    .ARM.Collect$$libshutdown$$00000009  c_w.l(libshutdown2.o)(c_w.l)
    0x2000013a   0x00000000   Code   RO          480    .ARM.Collect$$libshutdown$$0000000B  c_w.l(libshutdown2.o)(c_w.l)
    0x2000013a   0x00000000   Code   RO          483    .ARM.Collect$$libshutdown$$0000000E  c_w.l(libshutdown2.o)(c_w.l)
    0x2000013a   0x00000002   Code   RO          484    .ARM.Collect$$libshutdown$$0000000F  c_w.l(libshutdown2.o)(c_w.l)
    0x2000013c   0x00000000   Code   RO          346    .ARM.Collect$$rtentry$$00000000  c_w.l(rtentry.o)(c_w.l)
    0x2000013c   0x00000000   Code   RO          349    .ARM.Collect$$rtentry$$00000002  c_w.l(rtentry2.o)(c_w.l)
    0x2000013c   0x00000004   Code   RO          366    .ARM.Collect$$rtentry$$00000007  c_w.l(rtentry7.o)(c_w.l)
    0x20000140   0x00000000   Code   RO          351    .ARM.Collect$$rtentry$$00000009  c_w.l(rtentry2.o)(c_w.l)
    0x20000140   0x00000004   Code   RO          352    .ARM.Collect$$rtentry$$0000000A  c_w.l(rtentry2.o)(c_w.l)
    0x20000144   0x00000000   Code   RO          354    .ARM.Collect$$rtentry$$0000000C  c_w.l(rtentry2.o)(c_w.l)
    0x20000144   0x00000008   Code   RO          355    .ARM.Collect$$rtentry$$0000000D  c_w.l(rtentry2.o)(c_w.l)
    0x2000014c   0x00000004   Code   RO          367    .ARM.Collect$$rtentry$$00002718  c_w.l(rtentry7.o)(c_w.l)
    0x20000150   0x00000002   Code   RO          387    .ARM.Collect$$rtexit$$00000000  c_w.l(rtexit.o)(c_w.l)
    0x20000152   0x00000000   Code   RO          439    .ARM.Collect$$rtexit$$00000002  c_w.l(rtexit2.o)(c_w.l)
    0x20000152   0x00000004   Code   RO          440    .ARM.Collect$$rtexit$$00000003  c_w.l(rtexit2.o)(c_w.l)
    0x20000156   0x00000006   Code   RO          441    .ARM.Collect$$rtexit$$00000004  c_w.l(rtexit2.o)(c_w.l)
    0x2000015c   0x00000058   Code   RO            3  * .text               board_cstartup_keil.o
    0x200001b4   0x00000174   Code   RO           68    .text               board_lowlevel.o
    0x20000328   0x000002b8   Code   RO           83    .text               exceptions.o
    0x200005e0   0x0000017a   Code   RO          120    .text               usart.o
    0x2000075a   0x00000002   PAD
    0x2000075c   0x0000012c   Code   RO          132    .text               nvic.o
    0x20000888   0x0000017c   Code   RO          148    .text               pio.o
    0x20000a04   0x000000d4   Code   RO          160    .text               pmc.o
    0x20000ad8   0x00000100   Code   RO          172    .text               led.o
    0x20000bd8   0x00000090   Code   RO          226    .text               tc.o
    0x20000c68   0x000000bc   Code   RO          251    .text               exchange.o
    0x20000d24   0x000002b4   Code   RO          266    .text               main.o
    0x20000fd8   0x00000178   Code   RO          328    .text               adc12.o
    0x20001150   0x00000064   Code   RO          342    .text               c_w.l(rt_memcpy_w.o)(c_w.l)
    0x200011b4   0x0000000c   Code   RO          373    .text               c_w.l(exit.o)(c_w.l)
    0x200011c0   0x00000002   Code   RO          436    .text               c_w.l(use_no_semi.o)(c_w.l)
    0x200011c2   0x00000002   PAD
    0x200011c4   0x0000000c   Code   RO          449    .text               c_w.l(rt_fp_status_addr_intlibspace.o)(c_w.l)
    0x200011d0   0x0000000c   Code   RO          453    .text               c_w.l(sys_exit.o)(c_w.l)
    0x200011dc   0x0000000e   Code   RO          434    x$fpl$fpinit        fz_ws.l(fpinit.o)(fz_ws.l)
    0x200011ea   0x00000002   PAD
    0x200011ec   0x00000014   Data   RO          227    .constdata          tc.o
    0x20001200   0x000001e0   Data   RO          268    .constdata          main.o
    0x200013e0   0x00000020   Data   RO          515    Region$$Table       anon$$obj.o


    Execution Region Relocate_region (Base: 0x20080000, Size: 0x00002108, Max: 0x00004000, ABSOLUTE)

    Base Addr    Size         Type   Attr      Idx    E Section Name        Object

    0x20080000   0x00000001   Data   RW           84    .data               exceptions.o
    0x20080001   0x00000003   PAD
    0x20080004   0x00000024   Data   RW          269    .data               main.o
    0x20080028   0x00002080   Zero   RW          267    .bss                main.o
    0x200820a8   0x00000060   Zero   RW          383    .bss                c_w.l(libspace.o)(c_w.l)


    Execution Region ARM_LIB_HEAP (Base: 0x20083000, Size: 0x00000400, Max: 0x00000400, ABSOLUTE, UNINIT)

    Base Addr    Size         Type   Attr      Idx    E Section Name        Object

    0x20083000   0x00000400   Zero   RW            1    ARM_LIB_HEAP.bss    anon$$obj.o


    Execution Region ARM_LIB_STACK (Base: 0x20083bfc, Size: 0x00000400, Max: 0x00000400, ABSOLUTE, UNINIT)

    Base Addr    Size         Type   Attr      Idx    E Section Name        Object

    0x20083bfc   0x00000400   Zero   RW            2    ARM_LIB_STACK.bss   anon$$obj.o


==============================================================================

Image component sizes


      Code (inc. data)   RO Data    RW Data    ZI Data      Debug   Object Name

       376         18          0          0          0          0   adc12.o
        88         12        188          0          0          0   board_cstartup_keil.o
       372         46          0          0          0          0   board_lowlevel.o
       696         36          0          1          0          0   exceptions.o
       188          0          0          0          0          0   exchange.o
       256         20          0          0          0          0   led.o
       692         84        480         36       8320          0   main.o
       300         22          0          0          0          0   nvic.o
       380         10          0          0          0          0   pio.o
       212         24          0          0          0          0   pmc.o
         0          0          0          0          0          0   systick.o
       144          4         20          0          0          0   tc.o
       378          0          0          0          0          0   usart.o

    ----------------------------------------------------------------------
      4084        276        720         40      10368          0   Object Totals
         0          0         32          0       2048          0   (incl. Generated)
         2          0          0          3          0          0   (incl. Padding)

    ----------------------------------------------------------------------

      Code (inc. data)   RO Data    RW Data    ZI Data      Debug   Library Member Name

         8          0          0          0          0          0   __main.o
        52          8          0          0          0          0   __scatter.o
        26          0          0          0          0          0   __scatter_copy.o
        28          0          0          0          0          0   __scatter_zi.o
        12          0          0          0          0          0   exit.o
         6          0          0          0          0          0   libinit.o
         2          0          0          0          0          0   libinit2.o
         2          0          0          0          0          0   libshutdown.o
         2          0          0          0          0          0   libshutdown2.o
         0          0          0          0         96          0   libspace.o
        12          4          0          0          0          0   rt_fp_status_addr_intlibspace.o
       100          0          0          0          0          0   rt_memcpy_w.o
         0          0          0          0          0          0   rtentry.o
        12          0          0          0          0          0   rtentry2.o
         8          4          0          0          0          0   rtentry7.o
         2          0          0          0          0          0   rtexit.o
        10          0          0          0          0          0   rtexit2.o
        12          4          0          0          0          0   sys_exit.o
         2          0          0          0          0          0   use_no_semi.o
        14          0          0          0          0          0   fpinit.o

    ----------------------------------------------------------------------
       316         20          0          0         96          0   Library Totals
         6          0          0          0          0          0   (incl. Padding)

    ----------------------------------------------------------------------

      Code (inc. data)   RO Data    RW Data    ZI Data      Debug   Library Name

       296         20          0          0         96        420   c_w.l
        14          0          0          0          0         76   fz_ws.l

    ----------------------------------------------------------------------
       316         20          0          0         96          0   Library Totals

    ----------------------------------------------------------------------

==============================================================================


      Code (inc. data)   RO Data    RW Data    ZI Data      Debug   

      4400        296        720         40      10464     261592   Grand Totals
      4400        296        720         40      10464     261592   ELF Image Totals
      4400        296        720         40          0          0   ROM Totals

==============================================================================

    Total RO  Size (Code + RO Data)                 5120 (   5.00kB)
    Total RW  Size (RW Data + ZI Data)             10504 (  10.26kB)
    Total ROM Size (Code + RO Data + RW Data)       5160 (   5.04kB)

==============================================================================

