<html>
<body>
<pre>
<h1>µVision Build Log</h1>
<h2>Project:</h2>
I:\work\sul_arm\sul64.uvproj
Project File Date:  07/17/2010

<h2>Output:</h2>
Build target 'sul64'
compiling board_cstartup_keil.c...
compiling board_lowlevel.c...
compiling exceptions.c...
compiling systick.c...
compiling usart.c...
compiling nvic.c...
compiling pio.c...
compiling pmc.c...
compiling led.c...
compiling ssc.c...
compiling smc.c...
compiling twi.c...
compiling dispatch.c...
compiling exchange.c...
compiling main.c...
main\main.c(50): warning:  #1295-D: Deprecated declaration ADC12_Samples - give arg types
main\main.c:   unsigned short ADC12_Samples();
main\main.c:                  ^
main\main.c(168): warning:  #940-D: missing return statement at end of non-void function "ADC12_Samples"
main\main.c:   }
main\main.c:   ^
main\main.c: main\main.c: 2 warnings, 0 errors
compiling adc12.c...
linking...
Program Size: Code=3888 RO-data=700 RW-data=16 ZI-data=10464  
FromELF: creating hex file...
User command #1: fromelf.exe --bin -o  "I:\work\sul_arm\bin\sul64.bin" "I:\work\sul_arm\bin\sul64.axf"
".\bin\sul64.axf" - 0 Error(s), 2 Warning(s).
Build target 'sul64'
compiling main.c...
linking...
Program Size: Code=3892 RO-data=700 RW-data=16 ZI-data=10464  
FromELF: creating hex file...
User command #1: fromelf.exe --bin -o  "I:\work\sul_arm\bin\sul64.bin" "I:\work\sul_arm\bin\sul64.axf"
".\bin\sul64.axf" - 0 Error(s), 0 Warning(s).
Build target 'sul64'
compiling main.c...
linking...
Program Size: Code=3940 RO-data=700 RW-data=16 ZI-data=10464  
FromELF: creating hex file...
User command #1: fromelf.exe --bin -o  "I:\work\sul_arm\bin\sul64.bin" "I:\work\sul_arm\bin\sul64.axf"
".\bin\sul64.axf" - 0 Error(s), 0 Warning(s).
Build target 'sul64'
compiling board_cstartup_keil.c...
compiling board_lowlevel.c...
compiling exceptions.c...
compiling systick.c...
compiling usart.c...
compiling nvic.c...
compiling pio.c...
compiling pmc.c...
compiling led.c...
compiling ssc.c...
compiling smc.c...
compiling twi.c...
compiling dispatch.c...
compiling exchange.c...
compiling main.c...
main\main.c(75): warning:  #177-D: variable "param" was declared but never referenced
main\main.c:                            struct adc_param *param = (struct adc_param*)&USART_BUFFER[0];
main\main.c:                                              ^
main\main.c: main\main.c: 1 warning, 0 errors
compiling adc12.c...
linking...
Program Size: Code=3944 RO-data=700 RW-data=16 ZI-data=10464  
FromELF: creating hex file...
User command #1: fromelf.exe --bin -o  "I:\work\sul_arm\bin\sul64.bin" "I:\work\sul_arm\bin\sul64.axf"
".\bin\sul64.axf" - 0 Error(s), 1 Warning(s).
Build target 'sul64'
compiling main.c...
main\main.c(75): warning:  #177-D: variable "param" was declared but never referenced
main\main.c:                            struct adc_param *param = (struct adc_param*)&USART_BUFFER[0];
main\main.c:                                              ^
main\main.c(80): warning:  #223-D: function "Start_ADC" declared implicitly
main\main.c:                            Start_ADC();
main\main.c:                            ^
main\main.c: main\main.c: 2 warnings, 0 errors
linking...
.\bin\sul64.axf: Error: L6218E: Undefined symbol Start_ADC (referred from main.o).
.\bin\sul64.axf: Not enough information to list image symbols.
.\bin\sul64.axf: Finished: 1 information, 0 warning and 1 error messages.
Target not created
Build target 'sul64'
compiling main.c...
main\main.c(75): warning:  #177-D: variable "param" was declared but never referenced
main\main.c:                            struct adc_param *param = (struct adc_param*)&USART_BUFFER[0];
main\main.c:                                              ^
main\main.c: main\main.c: 1 warning, 0 errors
linking...
Program Size: Code=3948 RO-data=700 RW-data=16 ZI-data=10464  
FromELF: creating hex file...
User command #1: fromelf.exe --bin -o  "I:\work\sul_arm\bin\sul64.bin" "I:\work\sul_arm\bin\sul64.axf"
".\bin\sul64.axf" - 0 Error(s), 1 Warning(s).
Build target 'sul64'
compiling main.c...
linking...
Program Size: Code=3960 RO-data=700 RW-data=28 ZI-data=10464  
FromELF: creating hex file...
User command #1: fromelf.exe --bin -o  "I:\work\sul_arm\bin\sul64.bin" "I:\work\sul_arm\bin\sul64.axf"
".\bin\sul64.axf" - 0 Error(s), 0 Warning(s).
Build target 'sul64'
compiling board_cstartup_keil.c...
compiling board_lowlevel.c...
compiling exceptions.c...
compiling systick.c...
compiling usart.c...
compiling nvic.c...
compiling pio.c...
compiling pmc.c...
compiling led.c...
compiling ssc.c...
compiling smc.c...
compiling twi.c...
compiling dispatch.c...
compiling exchange.c...
compiling main.c...
compiling adc12.c...
linking...
Program Size: Code=3960 RO-data=700 RW-data=28 ZI-data=10464  
FromELF: creating hex file...
User command #1: fromelf.exe --bin -o  "I:\work\sul_arm\bin\sul64.bin" "I:\work\sul_arm\bin\sul64.axf"
".\bin\sul64.axf" - 0 Error(s), 0 Warning(s).
Build target 'sul64'
compiling board_cstartup_keil.c...
compiling board_lowlevel.c...
compiling exceptions.c...
compiling systick.c...
compiling usart.c...
compiling nvic.c...
compiling pio.c...
compiling pmc.c...
compiling led.c...
compiling ssc.c...
compiling smc.c...
compiling twi.c...
compiling dispatch.c...
compiling exchange.c...
compiling main.c...
main\main.c(92): error:  #144: a value of type "void" cannot be used to initialize an entity of type "unsigned long"
main\main.c:                            LED_toggle(LED_ALL);
main\main.c:                            ^
main\main.c: main\main.c: 0 warnings, 1 error
compiling adc12.c...
Target not created
Build target 'sul64'
compiling main.c...
linking...
Program Size: Code=3976 RO-data=700 RW-data=28 ZI-data=10464  
FromELF: creating hex file...
User command #1: fromelf.exe --bin -o  "I:\work\sul_arm\bin\sul64.bin" "I:\work\sul_arm\bin\sul64.axf"
".\bin\sul64.axf" - 0 Error(s), 0 Warning(s).
Build target 'sul64'
compiling exceptions.c...
linking...
Program Size: Code=4004 RO-data=700 RW-data=28 ZI-data=10464  
FromELF: creating hex file...
User command #1: fromelf.exe --bin -o  "I:\work\sul_arm\bin\sul64.bin" "I:\work\sul_arm\bin\sul64.axf"
".\bin\sul64.axf" - 0 Error(s), 0 Warning(s).
Build target 'sul64'
linking...
Program Size: Code=4004 RO-data=700 RW-data=28 ZI-data=10464  
FromELF: creating hex file...
User command #1: fromelf.exe --bin -o  "I:\work\sul_arm\bin\sul64.bin" "I:\work\sul_arm\bin\sul64.axf"
".\bin\sul64.axf" - 0 Error(s), 0 Warning(s).
Build target 'sul64'
compiling main.c...
main\main.c(88): error:  #20: identifier "result" is undefined
main\main.c:                            result.mean = 1.2345678;
main\main.c:                            ^
main\main.c: main\main.c: 0 warnings, 1 error
Target not created
Build target 'sul64'
compiling main.c...
linking...
Program Size: Code=4032 RO-data=700 RW-data=36 ZI-data=10464  
FromELF: creating hex file...
User command #1: fromelf.exe --bin -o  "I:\work\sul_arm\bin\sul64.bin" "I:\work\sul_arm\bin\sul64.axf"
".\bin\sul64.axf" - 0 Error(s), 0 Warning(s).
Build target 'sul64'
compiling main.c...
linking...
Program Size: Code=4032 RO-data=700 RW-data=36 ZI-data=10464  
FromELF: creating hex file...
User command #1: fromelf.exe --bin -o  "I:\work\sul_arm\bin\sul64.bin" "I:\work\sul_arm\bin\sul64.axf"
".\bin\sul64.axf" - 0 Error(s), 0 Warning(s).
Build target 'sul64'
compiling board_cstartup_keil.c...
compiling board_lowlevel.c...
compiling exceptions.c...
compiling systick.c...
compiling usart.c...
compiling nvic.c...
compiling pio.c...
compiling pmc.c...
compiling led.c...
compiling ssc.c...
compiling smc.c...
compiling twi.c...
compiling dispatch.c...
compiling exchange.c...
compiling main.c...
compiling adc12.c...
linking...
Program Size: Code=4032 RO-data=700 RW-data=36 ZI-data=10464  
FromELF: creating hex file...
User command #1: fromelf.exe --bin -o  "I:\work\sul_arm\bin\sul64.bin" "I:\work\sul_arm\bin\sul64.axf"
".\bin\sul64.axf" - 0 Error(s), 0 Warning(s).
Build target 'sul64'
compiling main.c...
linking...
Program Size: Code=4024 RO-data=700 RW-data=36 ZI-data=10464  
FromELF: creating hex file...
User command #1: fromelf.exe --bin -o  "I:\work\sul_arm\bin\sul64.bin" "I:\work\sul_arm\bin\sul64.axf"
".\bin\sul64.axf" - 0 Error(s), 0 Warning(s).
Build target 'sul64'
compiling main.c...
linking...
Program Size: Code=4020 RO-data=700 RW-data=36 ZI-data=10464  
FromELF: creating hex file...
User command #1: fromelf.exe --bin -o  "I:\work\sul_arm\bin\sul64.bin" "I:\work\sul_arm\bin\sul64.axf"
".\bin\sul64.axf" - 0 Error(s), 0 Warning(s).
Build target 'sul64'
compiling main.c...
linking...
Program Size: Code=4012 RO-data=700 RW-data=36 ZI-data=10464  
FromELF: creating hex file...
User command #1: fromelf.exe --bin -o  "I:\work\sul_arm\bin\sul64.bin" "I:\work\sul_arm\bin\sul64.axf"
".\bin\sul64.axf" - 0 Error(s), 0 Warning(s).
Build target 'sul64'
compiling main.c...
linking...
Program Size: Code=4012 RO-data=700 RW-data=36 ZI-data=10464  
FromELF: creating hex file...
User command #1: fromelf.exe --bin -o  "I:\work\sul_arm\bin\sul64.bin" "I:\work\sul_arm\bin\sul64.axf"
".\bin\sul64.axf" - 0 Error(s), 0 Warning(s).
compiling tc.c...
peripherals\tc\tc.c - 0 Error(s), 0 Warning(s).
compiling tc.c...
peripherals\tc\tc.c - 0 Error(s), 0 Warning(s).
Build target 'sul64'
compiling board_cstartup_keil.c...
compiling board_lowlevel.c...
compiling exceptions.c...
compiling systick.c...
compiling usart.c...
compiling nvic.c...
compiling pio.c...
compiling pmc.c...
compiling led.c...
compiling ssc.c...
compiling smc.c...
compiling twi.c...
compiling dispatch.c...
compiling exchange.c...
compiling main.c...
compiling core_cm3.c...
compiling math.c...
compiling adc12.c...
linking...
Program Size: Code=4028 RO-data=700 RW-data=36 ZI-data=10464  
FromELF: creating hex file...
User command #1: fromelf.exe --bin -o  "I:\work\sul_arm\bin\sul64.bin" "I:\work\sul_arm\bin\sul64.axf"
".\bin\sul64.axf" - 0 Error(s), 0 Warning(s).
compiling tc.c...
peripherals\tc\tc.c - 0 Error(s), 0 Warning(s).
Build target 'sul64'
compiling main.c...
linking...
Program Size: Code=4028 RO-data=700 RW-data=36 ZI-data=10464  
FromELF: creating hex file...
User command #1: fromelf.exe --bin -o  "I:\work\sul_arm\bin\sul64.bin" "I:\work\sul_arm\bin\sul64.axf"
".\bin\sul64.axf" - 0 Error(s), 0 Warning(s).
compiling main.c...
main\main.c(76): warning:  #223-D: function "LED_Toggle" declared implicitly
main\main.c:       LED_Toggle();
main\main.c:       ^
main\main.c(77): warning:  #223-D: function "printf" declared implicitly
main\main.c:       printf("2 ");
main\main.c:       ^
main\main.c(92): error:  #20: identifier "BOARD_MCK" is undefined
main\main.c:       TC_FindMckDivisor(4, BOARD_MCK, &div, &tcclks);
main\main.c:                            ^
main\main.c: main\main.c: 2 warnings, 1 error
main\main.c - 1 Error(s), 2 Warning(s).
compiling main.c...
main\main.c(92): error:  #20: identifier "BOARD_MCK" is undefined
main\main.c:       TC_FindMckDivisor(4, BOARD_MCK, &div, &tcclks);
main\main.c:                            ^
main\main.c: main\main.c: 0 warnings, 1 error
main\main.c - 1 Error(s), 0 Warning(s).
Build target 'sul64'
compiling board_cstartup_keil.c...
compiling board_lowlevel.c...
compiling exceptions.c...
compiling systick.c...
compiling usart.c...
compiling nvic.c...
compiling pio.c...
compiling pmc.c...
compiling led.c...
compiling ssc.c...
compiling smc.c...
compiling twi.c...
compiling tc.c...
compiling dispatch.c...
compiling main.c...
compiling adc12.c...
linking...
.\bin\sul64.axf: Error: L6200E: Symbol TC0_IrqHandler multiply defined (by main.o and exceptions.o).
.\bin\sul64.axf: Not enough information to list image symbols.
.\bin\sul64.axf: Not enough information to list the image map.
.\bin\sul64.axf: Finished: 2 information, 0 warning and 1 error messages.
Target not created
compiling exceptions.c...
board\exceptions.c - 0 Error(s), 0 Warning(s).
Build target 'sul64'
compiling main.c...
linking...
Program Size: Code=4344 RO-data=720 RW-data=36 ZI-data=10464  
FromELF: creating hex file...
User command #1: fromelf.exe --bin -o  "I:\work\sul_arm\bin\sul64.bin" "I:\work\sul_arm\bin\sul64.axf"
".\bin\sul64.axf" - 0 Error(s), 0 Warning(s).
Build target 'sul64'
compiling main.c...
main\main.c(105): warning:  #111-D: statement is unreachable
main\main.c:    TOKEN.code = start_adc;
main\main.c:    ^
main\main.c: main\main.c: 1 warning, 0 errors
linking...
Program Size: Code=4240 RO-data=720 RW-data=36 ZI-data=10464  
FromELF: creating hex file...
User command #1: fromelf.exe --bin -o  "I:\work\sul_arm\bin\sul64.bin" "I:\work\sul_arm\bin\sul64.axf"
".\bin\sul64.axf" - 0 Error(s), 1 Warning(s).
Build target 'sul64'
compiling main.c...
main\main.c(105): warning:  #111-D: statement is unreachable
main\main.c:    TOKEN.code = start_adc;
main\main.c:    ^
main\main.c: main\main.c: 1 warning, 0 errors
linking...
Program Size: Code=4244 RO-data=720 RW-data=36 ZI-data=10464  
FromELF: creating hex file...
User command #1: fromelf.exe --bin -o  "I:\work\sul_arm\bin\sul64.bin" "I:\work\sul_arm\bin\sul64.axf"
".\bin\sul64.axf" - 0 Error(s), 1 Warning(s).
Build target 'sul64'
compiling main.c...
main\main.c(106): warning:  #111-D: statement is unreachable
main\main.c:    TOKEN.code = get_adc_result;
main\main.c:    ^
main\main.c: main\main.c: 1 warning, 0 errors
linking...
Program Size: Code=4240 RO-data=720 RW-data=36 ZI-data=10464  
FromELF: creating hex file...
User command #1: fromelf.exe --bin -o  "I:\work\sul_arm\bin\sul64.bin" "I:\work\sul_arm\bin\sul64.axf"
".\bin\sul64.axf" - 0 Error(s), 1 Warning(s).
Build target 'sul64'
linking...
Program Size: Code=4240 RO-data=720 RW-data=36 ZI-data=10464  
FromELF: creating hex file...
User command #1: fromelf.exe --bin -o  "I:\work\sul_arm\bin\sul64.bin" "I:\work\sul_arm\bin\sul64.axf"
".\bin\sul64.axf" - 0 Error(s), 0 Warning(s).
Build target 'sul64'
compiling main.c...
linking...
Program Size: Code=4348 RO-data=720 RW-data=36 ZI-data=10464  
FromELF: creating hex file...
User command #1: fromelf.exe --bin -o  "I:\work\sul_arm\bin\sul64.bin" "I:\work\sul_arm\bin\sul64.axf"
".\bin\sul64.axf" - 0 Error(s), 0 Warning(s).
Build target 'sul64'
compiling main.c...
main\main.c(106): warning:  #111-D: statement is unreachable
main\main.c:    TOKEN.code = get_adc_result;
main\main.c:    ^
main\main.c: main\main.c: 1 warning, 0 errors
linking...
Program Size: Code=4244 RO-data=720 RW-data=36 ZI-data=10464  
FromELF: creating hex file...
User command #1: fromelf.exe --bin -o  "I:\work\sul_arm\bin\sul64.bin" "I:\work\sul_arm\bin\sul64.axf"
".\bin\sul64.axf" - 0 Error(s), 1 Warning(s).
Build target 'sul64'
compiling main.c...
main\main.c(106): warning:  #111-D: statement is unreachable
main\main.c:    TOKEN.code = get_adc_result;
main\main.c:    ^
main\main.c: main\main.c: 1 warning, 0 errors
linking...
Program Size: Code=4244 RO-data=720 RW-data=36 ZI-data=10464  
FromELF: creating hex file...
User command #1: fromelf.exe --bin -o  "I:\work\sul_arm\bin\sul64.bin" "I:\work\sul_arm\bin\sul64.axf"
".\bin\sul64.axf" - 0 Error(s), 1 Warning(s).
Build target 'sul64'
compiling main.c...
main\main.c(106): warning:  #111-D: statement is unreachable
main\main.c:    TOKEN.code = get_adc_result;
main\main.c:    ^
main\main.c: main\main.c: 1 warning, 0 errors
linking...
Program Size: Code=4248 RO-data=720 RW-data=36 ZI-data=10464  
FromELF: creating hex file...
User command #1: fromelf.exe --bin -o  "I:\work\sul_arm\bin\sul64.bin" "I:\work\sul_arm\bin\sul64.axf"
".\bin\sul64.axf" - 0 Error(s), 1 Warning(s).
Build target 'sul64'
compiling main.c...
main\main.c(106): warning:  #111-D: statement is unreachable
main\main.c:    TOKEN.code = get_adc_result;
main\main.c:    ^
main\main.c: main\main.c: 1 warning, 0 errors
linking...
Program Size: Code=4248 RO-data=720 RW-data=36 ZI-data=10464  
FromELF: creating hex file...
User command #1: fromelf.exe --bin -o  "I:\work\sul_arm\bin\sul64.bin" "I:\work\sul_arm\bin\sul64.axf"
".\bin\sul64.axf" - 0 Error(s), 1 Warning(s).
Build target 'sul64'
compiling main.c...
linking...
Program Size: Code=4352 RO-data=720 RW-data=36 ZI-data=10464  
FromELF: creating hex file...
User command #1: fromelf.exe --bin -o  "I:\work\sul_arm\bin\sul64.bin" "I:\work\sul_arm\bin\sul64.axf"
".\bin\sul64.axf" - 0 Error(s), 0 Warning(s).
Build target 'sul64'
linking...
Program Size: Code=4352 RO-data=720 RW-data=36 ZI-data=10464  
FromELF: creating hex file...
User command #1: fromelf.exe --bin -o  "I:\work\sul_arm\bin\sul64.bin" "I:\work\sul_arm\bin\sul64.axf"
".\bin\sul64.axf" - 0 Error(s), 0 Warning(s).
Build target 'sul64'
compiling board_cstartup_keil.c...
compiling board_lowlevel.c...
compiling exceptions.c...
compiling systick.c...
compiling usart.c...
compiling nvic.c...
compiling pio.c...
compiling pmc.c...
compiling led.c...
compiling ssc.c...
compiling smc.c...
compiling twi.c...
compiling tc.c...
compiling dispatch.c...
compiling exchange.c...
compiling main.c...
compiling adc12.c...
linking...
Program Size: Code=4360 RO-data=720 RW-data=36 ZI-data=10464  
FromELF: creating hex file...
User command #1: fromelf.exe --bin -o  "I:\work\sul_arm\bin\sul64.bin" "I:\work\sul_arm\bin\sul64.axf"
".\bin\sul64.axf" - 0 Error(s), 0 Warning(s).
Build target 'sul64'
compiling main.c...
linking...
Program Size: Code=4360 RO-data=720 RW-data=36 ZI-data=10464  
FromELF: creating hex file...
User command #1: fromelf.exe --bin -o  "I:\work\sul_arm\bin\sul64.bin" "I:\work\sul_arm\bin\sul64.axf"
".\bin\sul64.axf" - 0 Error(s), 0 Warning(s).
Build target 'sul64'
compiling board_cstartup_keil.c...
compiling board_lowlevel.c...
compiling exceptions.c...
compiling systick.c...
compiling usart.c...
compiling nvic.c...
compiling pio.c...
compiling pmc.c...
compiling led.c...
compiling ssc.c...
compiling smc.c...
compiling twi.c...
compiling tc.c...
compiling dispatch.c...
compiling exchange.c...
compiling main.c...
compiling adc12.c...
linking...
Program Size: Code=4360 RO-data=720 RW-data=36 ZI-data=10464  
FromELF: creating hex file...
User command #1: fromelf.exe --bin -o  "I:\work\sul_arm\bin\sul64.bin" "I:\work\sul_arm\bin\sul64.axf"
".\bin\sul64.axf" - 0 Error(s), 0 Warning(s).
Build target 'sul64'
linking...
Program Size: Code=4360 RO-data=720 RW-data=36 ZI-data=10464  
FromELF: creating hex file...
User command #1: fromelf.exe --bin -o  "I:\work\sul_arm\bin\sul64.bin" "I:\work\sul_arm\bin\sul64.axf"
".\bin\sul64.axf" - 0 Error(s), 0 Warning(s).
compiling main.c...
main\main.c - 0 Error(s), 0 Warning(s).
compiling main.c...
main\main.c - 0 Error(s), 0 Warning(s).
Build target 'sul64'
compiling main.c...
linking...
Program Size: Code=4388 RO-data=720 RW-data=40 ZI-data=10464  
FromELF: creating hex file...
User command #1: fromelf.exe --bin -o  "I:\work\sul_arm\bin\sul64.bin" "I:\work\sul_arm\bin\sul64.axf"
".\bin\sul64.axf" - 0 Error(s), 0 Warning(s).
Build target 'sul64'
compiling main.c...
linking...
Program Size: Code=4384 RO-data=720 RW-data=40 ZI-data=10464  
FromELF: creating hex file...
User command #1: fromelf.exe --bin -o  "I:\work\sul_arm\bin\sul64.bin" "I:\work\sul_arm\bin\sul64.axf"
".\bin\sul64.axf" - 0 Error(s), 0 Warning(s).
Build target 'sul64'
linking...
Program Size: Code=4384 RO-data=720 RW-data=40 ZI-data=10464  
FromELF: creating hex file...
User command #1: fromelf.exe --bin -o  "I:\work\sul_arm\bin\sul64.bin" "I:\work\sul_arm\bin\sul64.axf"
".\bin\sul64.axf" - 0 Error(s), 0 Warning(s).
Build target 'sul64'
compiling main.c...
main\main.c(123): error:  #20: identifier "i" is undefined
main\main.c:                            for(i=0; i<param.buffer_size; i++) {
main\main.c:                                ^
main\main.c: main\main.c: 0 warnings, 1 error
Target not created
Build target 'sul64'
compiling main.c...
linking...
Program Size: Code=4400 RO-data=720 RW-data=40 ZI-data=10464  
FromELF: creating hex file...
User command #1: fromelf.exe --bin -o  "I:\work\sul_arm\bin\sul64.bin" "I:\work\sul_arm\bin\sul64.axf"
".\bin\sul64.axf" - 0 Error(s), 0 Warning(s).
